h1-eth0: flags=4163<UP,BROADCAST,RUNNING,MULTICAST>  mtu 1500
        inet 192.168.15.2  netmask 255.255.255.0  broadcast 192.168.15.255
        inet6 fe80::d888:d2ff:fe73:4c1f  prefixlen 64  scopeid 0x20<link>
        ether da:88:d2:73:4c:1f  txqueuelen 1000  (Ethernet)
        RX packets 11  bytes 866 (866.0 B)
        RX errors 0  dropped 0  overruns 0  frame 0
        TX packets 11  bytes 866 (866.0 B)
        TX errors 0  dropped 0 overruns 0  carrier 0  collisions 0

lo: flags=73<UP,LOOPBACK,RUNNING>  mtu 65536
        inet 127.0.0.1  netmask 255.0.0.0
        inet6 ::1  prefixlen 128  scopeid 0x10<host>
        loop  txqueuelen 1000  (Local Loopback)
        RX packets 0  bytes 0 (0.0 B)
        RX errors 0  dropped 0  overruns 0  frame 0
        TX packets 0  bytes 0 (0.0 B)
        TX errors 0  dropped 0 overruns 0  carrier 0  collisions 0

